
Memory Configuration

Name             Origin             Length             Attributes
flash            0x0000000000000000 0x0000000000008000
ram              0x0000000010000000 0x0000000000002000
*default*        0x0000000000000000 0xffffffffffffffff

Linker script and memory map

LOAD init.o
LOAD main.o
LOAD /home/fduignan/toolchain/gcc-arm-none-eabi/lib/gcc/arm-none-eabi/4.7.4/armv6-m/libgcc.a
                0x0000000000000000                . = ORIGIN (flash)

.text           0x0000000000000000      0x29c
 *(.vectors)
 .vectors       0x0000000000000000       0xc0 init.o
                0x0000000000000000                Vectors
 *(.text)
 .text          0x00000000000000c0       0xe0 init.o
                0x00000000000000c0                clock_init
                0x000000000000010c                init
                0x0000000000000198                Default_Handler
 .text          0x00000000000001a0       0xfc main.o
                0x00000000000001a0                initUART
                0x000000000000026c                UART_isr
                0x0000000000000290                main

.glue_7         0x000000000000029c        0x0
 .glue_7        0x0000000000000000        0x0 linker stubs

.glue_7t        0x000000000000029c        0x0
 .glue_7t       0x0000000000000000        0x0 linker stubs

.vfp11_veneer   0x000000000000029c        0x0
 .vfp11_veneer  0x0000000000000000        0x0 linker stubs

.v4_bx          0x000000000000029c        0x0
 .v4_bx         0x0000000000000000        0x0 linker stubs

.iplt           0x000000000000029c        0x0
 .iplt          0x0000000000000000        0x0 init.o

.rel.dyn        0x000000000000029c        0x0
 .rel.iplt      0x0000000000000000        0x0 init.o
                0x0000000010000000                . = ORIGIN (ram)

.data           0x0000000010000000        0x0 load address 0x000000000000029c
                0x000000000000029c                INIT_DATA_VALUES = LOADADDR (.data)
                0x0000000010000000                INIT_DATA_START = .
 *(.data)
 .data          0x0000000010000000        0x0 init.o
 .data          0x0000000010000000        0x0 main.o
                0x0000000010000000                INIT_DATA_END = .
                0x0000000010000000                BSS_START = .

.igot.plt       0x0000000010000000        0x0 load address 0x000000000000029c
 .igot.plt      0x0000000000000000        0x0 init.o

.bss            0x0000000010000000        0x0 load address 0x000000000000029c
 *(.bss)
 .bss           0x0000000010000000        0x0 init.o
 .bss           0x0000000010000000        0x0 main.o
                0x0000000010000000                BSS_END = .
OUTPUT(main.elf elf32-littlearm)

.debug_info     0x0000000000000000      0x1a2
 .debug_info    0x0000000000000000      0x131 init.o
 .debug_info    0x0000000000000131       0x71 main.o

.debug_abbrev   0x0000000000000000      0x14d
 .debug_abbrev  0x0000000000000000       0xe8 init.o
 .debug_abbrev  0x00000000000000e8       0x65 main.o

.debug_loc      0x0000000000000000      0x114
 .debug_loc     0x0000000000000000       0x90 init.o
 .debug_loc     0x0000000000000090       0x84 main.o

.debug_aranges  0x0000000000000000       0x40
 .debug_aranges
                0x0000000000000000       0x20 init.o
 .debug_aranges
                0x0000000000000020       0x20 main.o

.debug_line     0x0000000000000000       0xb0
 .debug_line    0x0000000000000000       0x5b init.o
 .debug_line    0x000000000000005b       0x55 main.o

.debug_str      0x0000000000000000      0x133
 .debug_str     0x0000000000000000      0x11a init.o
                                        0x11f (size before relaxing)
 .debug_str     0x000000000000011a       0x19 main.o
                                         0x9f (size before relaxing)

.comment        0x0000000000000000       0x70
 .comment       0x0000000000000000       0x70 init.o
                                         0x71 (size before relaxing)
 .comment       0x0000000000000000       0x71 main.o

.ARM.attributes
                0x0000000000000000       0x31
 .ARM.attributes
                0x0000000000000000       0x31 init.o
 .ARM.attributes
                0x0000000000000031       0x31 main.o

.debug_frame    0x0000000000000000       0xcc
 .debug_frame   0x0000000000000000       0x68 init.o
 .debug_frame   0x0000000000000068       0x64 main.o

Cross Reference Table

Symbol                                            File
BSS_END                                           init.o
BSS_START                                         init.o
Default_Handler                                   init.o
INIT_DATA_END                                     init.o
INIT_DATA_START                                   init.o
INIT_DATA_VALUES                                  init.o
UART_isr                                          main.o
                                                  init.o
Vectors                                           init.o
clock_init                                        init.o
init                                              init.o
initUART                                          main.o
main                                              main.o
                                                  init.o
