Archive member included because of file (symbol)

c:/program files (x86)/gnu tools arm embedded/4.7 2012q4/bin/../lib/gcc/arm-none-eabi/4.7.3/armv6-m\libgcc.a(_udivsi3.o)
                              ..\obj\lpc11xx_ssp.o (__aeabi_uidiv)
c:/program files (x86)/gnu tools arm embedded/4.7 2012q4/bin/../lib/gcc/arm-none-eabi/4.7.3/armv6-m\libgcc.a(_divsi3.o)
                              ..\obj\lcd.o (__aeabi_idiv)
c:/program files (x86)/gnu tools arm embedded/4.7 2012q4/bin/../lib/gcc/arm-none-eabi/4.7.3/armv6-m\libgcc.a(_dvmd_tls.o)
                              c:/program files (x86)/gnu tools arm embedded/4.7 2012q4/bin/../lib/gcc/arm-none-eabi/4.7.3/armv6-m\libgcc.a(_udivsi3.o) (__aeabi_idiv0)
c:/program files (x86)/gnu tools arm embedded/4.7 2012q4/bin/../lib/gcc/arm-none-eabi/4.7.3/armv6-m\libgcc.a(_arm_cmpdf2.o)
                              ..\obj\lcd.o (__aeabi_dcmplt)
c:/program files (x86)/gnu tools arm embedded/4.7 2012q4/bin/../lib/gcc/arm-none-eabi/4.7.3/armv6-m\libgcc.a(_aeabi_uldivmod.o)
                              ..\obj\lpc11xx_tmr.o (__aeabi_uldivmod)
c:/program files (x86)/gnu tools arm embedded/4.7 2012q4/bin/../lib/gcc/arm-none-eabi/4.7.3/armv6-m\libgcc.a(_muldi3.o)
                              ..\obj\lpc11xx_tmr.o (__aeabi_lmul)
c:/program files (x86)/gnu tools arm embedded/4.7 2012q4/bin/../lib/gcc/arm-none-eabi/4.7.3/armv6-m\libgcc.a(bpabi.o)
                              c:/program files (x86)/gnu tools arm embedded/4.7 2012q4/bin/../lib/gcc/arm-none-eabi/4.7.3/armv6-m\libgcc.a(_aeabi_uldivmod.o) (__gnu_uldivmod_helper)
c:/program files (x86)/gnu tools arm embedded/4.7 2012q4/bin/../lib/gcc/arm-none-eabi/4.7.3/armv6-m\libgcc.a(adddf3.o)
                              ..\obj\lcd.o (__aeabi_dadd)
c:/program files (x86)/gnu tools arm embedded/4.7 2012q4/bin/../lib/gcc/arm-none-eabi/4.7.3/armv6-m\libgcc.a(eqdf2.o)
                              c:/program files (x86)/gnu tools arm embedded/4.7 2012q4/bin/../lib/gcc/arm-none-eabi/4.7.3/armv6-m\libgcc.a(_arm_cmpdf2.o) (__eqdf2)
c:/program files (x86)/gnu tools arm embedded/4.7 2012q4/bin/../lib/gcc/arm-none-eabi/4.7.3/armv6-m\libgcc.a(gedf2.o)
                              c:/program files (x86)/gnu tools arm embedded/4.7 2012q4/bin/../lib/gcc/arm-none-eabi/4.7.3/armv6-m\libgcc.a(_arm_cmpdf2.o) (__gedf2)
c:/program files (x86)/gnu tools arm embedded/4.7 2012q4/bin/../lib/gcc/arm-none-eabi/4.7.3/armv6-m\libgcc.a(ledf2.o)
                              c:/program files (x86)/gnu tools arm embedded/4.7 2012q4/bin/../lib/gcc/arm-none-eabi/4.7.3/armv6-m\libgcc.a(_arm_cmpdf2.o) (__ledf2)
c:/program files (x86)/gnu tools arm embedded/4.7 2012q4/bin/../lib/gcc/arm-none-eabi/4.7.3/armv6-m\libgcc.a(_clzsi2.o)
                              c:/program files (x86)/gnu tools arm embedded/4.7 2012q4/bin/../lib/gcc/arm-none-eabi/4.7.3/armv6-m\libgcc.a(adddf3.o) (__clzsi2)
c:/program files (x86)/gnu tools arm embedded/4.7 2012q4/bin/../lib/gcc/arm-none-eabi/4.7.3/armv6-m\libgcc.a(_divdi3.o)
                              c:/program files (x86)/gnu tools arm embedded/4.7 2012q4/bin/../lib/gcc/arm-none-eabi/4.7.3/armv6-m\libgcc.a(bpabi.o) (__divdi3)
c:/program files (x86)/gnu tools arm embedded/4.7 2012q4/bin/../lib/gcc/arm-none-eabi/4.7.3/armv6-m\libgcc.a(_udivdi3.o)
                              c:/program files (x86)/gnu tools arm embedded/4.7 2012q4/bin/../lib/gcc/arm-none-eabi/4.7.3/armv6-m\libgcc.a(bpabi.o) (__udivdi3)

Allocating common symbols
Common symbol       size              file

frequency           0x4               ..\obj\main.o
gpio_int_struct     0xc               ..\obj\main.o
timer_config        0x8               ..\obj\main.o
match_config        0xc               ..\obj\main.o

Discarded input sections

 .text          0x00000000        0x0 ..\obj\lpc11xx_ssp.o
 .data          0x00000000        0x0 ..\obj\lpc11xx_ssp.o
 .bss           0x00000000       0x18 ..\obj\lpc11xx_ssp.o
 .text.SSP_getNum
                0x00000000       0x34 ..\obj\lpc11xx_ssp.o
 .text.SSP_IntHandler
                0x00000000      0x304 ..\obj\lpc11xx_ssp.o
 .text.SSP_SetClock
                0x00000000       0xb4 ..\obj\lpc11xx_ssp.o
 .text.SSP_DeInit
                0x00000000       0x60 ..\obj\lpc11xx_ssp.o
 .text.SSP_SSP0PinsInit
                0x00000000       0x74 ..\obj\lpc11xx_ssp.o
 .text.SSP_Init
                0x00000000       0xc0 ..\obj\lpc11xx_ssp.o
 .text.SSP_ConfigStructInit
                0x00000000       0x38 ..\obj\lpc11xx_ssp.o
 .text.SSP_Cmd  0x00000000       0x38 ..\obj\lpc11xx_ssp.o
 .text.SSP_LoopBackCmd
                0x00000000       0x38 ..\obj\lpc11xx_ssp.o
 .text.SSP_SlaveOutputCmd
                0x00000000       0x38 ..\obj\lpc11xx_ssp.o
 .text.SSP_SendData
                0x00000000       0x1c ..\obj\lpc11xx_ssp.o
 .text.SSP_ReceiveData
                0x00000000       0x18 ..\obj\lpc11xx_ssp.o
 .text.SSP_ReadWrite
                0x00000000      0x3cc ..\obj\lpc11xx_ssp.o
 .text.SSP_GetStatus
                0x00000000       0x20 ..\obj\lpc11xx_ssp.o
 .text.SSP_IntConfig
                0x00000000       0x3c ..\obj\lpc11xx_ssp.o
 .text.SSP_GetRawIntStatus
                0x00000000       0x20 ..\obj\lpc11xx_ssp.o
 .text.SSP_GetIntStatus
                0x00000000       0x20 ..\obj\lpc11xx_ssp.o
 .text.SSP_ClearIntPending
                0x00000000       0x18 ..\obj\lpc11xx_ssp.o
 .text.SSP0_StdIntHandler
                0x00000000       0x1c ..\obj\lpc11xx_ssp.o
 .text.SSP1_StdIntHandler
                0x00000000       0x1c ..\obj\lpc11xx_ssp.o
 .text          0x00000000        0x0 ..\obj\lpc11xx_uart.o
 .data          0x00000000        0x0 ..\obj\lpc11xx_uart.o
 .bss           0x00000000       0x44 ..\obj\lpc11xx_uart.o
 .text.getUartNum
                0x00000000       0x24 ..\obj\lpc11xx_uart.o
 .text.UART_GenIntHandler
                0x00000000      0x18c ..\obj\lpc11xx_uart.o
 .text.UART_DeInit
                0x00000000       0x24 ..\obj\lpc11xx_uart.o
 .text.UART_ModePinsInit
                0x00000000       0x4c ..\obj\lpc11xx_uart.o
 .text.UART_ConfigStructInit
                0x00000000       0x28 ..\obj\lpc11xx_uart.o
 .text.UART_ReceiveData
                0x00000000       0x18 ..\obj\lpc11xx_uart.o
 .text.UART_ForceBreak
                0x00000000       0x1c ..\obj\lpc11xx_uart.o
 .text.UART_IntConfig
                0x00000000       0x80 ..\obj\lpc11xx_uart.o
 .rodata        0x00000000       0x28 ..\obj\lpc11xx_uart.o
 .text.UART_GetLineStatus
                0x00000000       0x18 ..\obj\lpc11xx_uart.o
 .text.UART_CheckBusy
                0x00000000       0x20 ..\obj\lpc11xx_uart.o
 .text.UART_ABCmd
                0x00000000       0x88 ..\obj\lpc11xx_uart.o
 .text.UART_FullModemForcePinState
                0x00000000       0x74 ..\obj\lpc11xx_uart.o
 .text.UART_FullModemConfigMode
                0x00000000       0x78 ..\obj\lpc11xx_uart.o
 .text.UART_FullModemGetStatus
                0x00000000       0x18 ..\obj\lpc11xx_uart.o
 .text.UART_RS485Config
                0x00000000       0xa0 ..\obj\lpc11xx_uart.o
 .text.UART_RS485ReceiverCmd
                0x00000000       0x3c ..\obj\lpc11xx_uart.o
 .text.UART_RS485Send
                0x00000000       0xa4 ..\obj\lpc11xx_uart.o
 .text.UART_RS485SendSlvAddr
                0x00000000       0x24 ..\obj\lpc11xx_uart.o
 .text.UART_RS485SendData
                0x00000000       0x28 ..\obj\lpc11xx_uart.o
 .text.UART_Receive
                0x00000000       0xc4 ..\obj\lpc11xx_uart.o
 .text.UART_SetupCbs
                0x00000000       0xa0 ..\obj\lpc11xx_uart.o
 .text.UART_StdIntHandler
                0x00000000       0x14 ..\obj\lpc11xx_uart.o
 .text          0x00000000        0x0 ..\obj\DAC.o
 .data          0x00000000        0x0 ..\obj\DAC.o
 .bss           0x00000000        0x0 ..\obj\DAC.o
 .text.DAC_SPI1_Write
                0x00000000       0x34 ..\obj\DAC.o
 .text          0x00000000        0x0 ..\obj\system_LPC11xx.o
 .bss           0x00000000        0x0 ..\obj\system_LPC11xx.o
 .text.USB_PLL_Setup
                0x00000000       0xc0 ..\obj\system_LPC11xx.o
 .text          0x00000000        0x0 ..\obj\lpc11xx_tmr.o
 .data          0x00000000        0x0 ..\obj\lpc11xx_tmr.o
 .bss           0x00000000        0x0 ..\obj\lpc11xx_tmr.o
 .text.TIM_GetIntStatus
                0x00000000       0x30 ..\obj\lpc11xx_tmr.o
 .text.TIM_ResetCounter
                0x00000000       0x2c ..\obj\lpc11xx_tmr.o
 .text.TIM_DeInit
                0x00000000       0x78 ..\obj\lpc11xx_tmr.o
 .text.TIM_ConfigStructInit
                0x00000000       0x38 ..\obj\lpc11xx_tmr.o
 .text.TIM_ConfigCapture
                0x00000000       0x5c ..\obj\lpc11xx_tmr.o
 .text.TIM_GetCaptureValue
                0x00000000       0x38 ..\obj\lpc11xx_tmr.o
 .text.TIM_CapturePins
                0x00000000       0x64 ..\obj\lpc11xx_tmr.o
 .text.TIM_MatchPins
                0x00000000      0x130 ..\obj\lpc11xx_tmr.o
 .text          0x00000000        0x0 ..\obj\main.o
 .data          0x00000000        0x0 ..\obj\main.o
 .text          0x00000000        0x0 ..\obj\lpc11xx_gpio.o
 .data          0x00000000        0x0 ..\obj\lpc11xx_gpio.o
 .bss           0x00000000        0x0 ..\obj\lpc11xx_gpio.o
 .text.GPIO_ReadInput
                0x00000000       0x30 ..\obj\lpc11xx_gpio.o
 .text.GPIO_ReadInputPin
                0x00000000       0x54 ..\obj\lpc11xx_gpio.o
 .text.GPIO_GetEventStatus
                0x00000000       0x30 ..\obj\lpc11xx_gpio.o
 .text.GPIO_GetIntStatus
                0x00000000       0x30 ..\obj\lpc11xx_gpio.o
 .text          0x00000000        0x0 ..\obj\lpc11xx_syscon.o
 .data          0x00000000        0x0 ..\obj\lpc11xx_syscon.o
 .bss           0x00000000        0x0 ..\obj\lpc11xx_syscon.o
 .text.SYSCON_MemRemap
                0x00000000       0x18 ..\obj\lpc11xx_syscon.o
 .text.SYSCON_GetLockStatus
                0x00000000       0x34 ..\obj\lpc11xx_syscon.o
 .text.SYSCON_PLLClkSel
                0x00000000       0x18 ..\obj\lpc11xx_syscon.o
 .text.SYSCON_PLLUpdate
                0x00000000       0x2c ..\obj\lpc11xx_syscon.o
 .text.SYSCON_PLLConfig
                0x00000000       0x60 ..\obj\lpc11xx_syscon.o
 .text.SYSCON_PeriphResetCmd
                0x00000000       0x4c ..\obj\lpc11xx_syscon.o
 .text.SYSCON_MCKSel
                0x00000000       0x18 ..\obj\lpc11xx_syscon.o
 .text.SYSCON_MCKUpdate
                0x00000000       0x2c ..\obj\lpc11xx_syscon.o
 .text.SYSCON_SetAHBClockDiv
                0x00000000       0x18 ..\obj\lpc11xx_syscon.o
 .text.SYSCON_SetSPI0ClockDiv
                0x00000000       0x1c ..\obj\lpc11xx_syscon.o
 .text.SYSCON_SetSPI1ClockDiv
                0x00000000       0x1c ..\obj\lpc11xx_syscon.o
 .text.SYSCON_SetWDTClockDiv
                0x00000000       0x1c ..\obj\lpc11xx_syscon.o
 .text.SYSCON_SetCLKOUTClockDiv
                0x00000000       0x1c ..\obj\lpc11xx_syscon.o
 .text.SysOscConfig
                0x00000000       0x40 ..\obj\lpc11xx_syscon.o
 .text.SYSCON_WDTOscConfig
                0x00000000       0x20 ..\obj\lpc11xx_syscon.o
 .text.SYSCON_WDTClkSel
                0x00000000       0x1c ..\obj\lpc11xx_syscon.o
 .text.SYSCON_WDTClkUpdate
                0x00000000       0x34 ..\obj\lpc11xx_syscon.o
 .text.SYSCON_CLKOUTClkSel
                0x00000000       0x20 ..\obj\lpc11xx_syscon.o
 .text.SYSCON_CLKOUTClkDiv
                0x00000000       0x1c ..\obj\lpc11xx_syscon.o
 .text.SYSCON_CLKOUTClkUpdate
                0x00000000       0x34 ..\obj\lpc11xx_syscon.o
 .text.SYSCON_GetPIORstState
                0x00000000      0x10c ..\obj\lpc11xx_syscon.o
 .text.SYSCON_PowerCon
                0x00000000       0x68 ..\obj\lpc11xx_syscon.o
 .text.SYSCON_GetPowerSta
                0x00000000       0x48 ..\obj\lpc11xx_syscon.o
 .text.SYSCON_DeepSleepPowerCon
                0x00000000       0x68 ..\obj\lpc11xx_syscon.o
 .text.SYSCON_WakeupPowerCon
                0x00000000       0x68 ..\obj\lpc11xx_syscon.o
 .text.SYSCON_GetWDTOsc
                0x00000000       0xe8 ..\obj\lpc11xx_syscon.o
 .rodata        0x00000000       0x40 ..\obj\lpc11xx_syscon.o
 .text.SYSCON_StartLogicEdge
                0x00000000       0x5c ..\obj\lpc11xx_syscon.o
 .text.SYSCON_StartLogicCmd
                0x00000000       0x5c ..\obj\lpc11xx_syscon.o
 .text.SYSCON_StartLogicReset
                0x00000000       0x20 ..\obj\lpc11xx_syscon.o
 .text.SYSCON_StartLogicStatus
                0x00000000       0x1c ..\obj\lpc11xx_syscon.o
 .text.SYSCON_GetWDTClock
                0x00000000       0x7c ..\obj\lpc11xx_syscon.o
 .text.SYSCON_GetSSP0Clock
                0x00000000       0x5c ..\obj\lpc11xx_syscon.o
 .text          0x00000000        0x0 ..\obj\lpc11xx_iocon.o
 .data          0x00000000        0x0 ..\obj\lpc11xx_iocon.o
 .bss           0x00000000        0x0 ..\obj\lpc11xx_iocon.o
 .text.IOCON_SCK0Locate
                0x00000000       0x20 ..\obj\lpc11xx_iocon.o
 .text.IOCON_DSRLocate
                0x00000000       0x20 ..\obj\lpc11xx_iocon.o
 .text.IOCON_DCDLocate
                0x00000000       0x20 ..\obj\lpc11xx_iocon.o
 .text.IOCON_RILocate
                0x00000000       0x20 ..\obj\lpc11xx_iocon.o
 .text.IOCON_SetPinHys
                0x00000000       0x48 ..\obj\lpc11xx_iocon.o
 .text.IOCON_SetI2CMode
                0x00000000       0x4c ..\obj\lpc11xx_iocon.o
 .text          0x00000000        0x0 ..\obj\syscalls.o
 .data          0x00000000        0x0 ..\obj\syscalls.o
 .bss           0x00000000        0x4 ..\obj\syscalls.o
 .text._sbrk    0x00000000       0x3c ..\obj\syscalls.o
 .text.link     0x00000000       0x18 ..\obj\syscalls.o
 .text._close   0x00000000       0x14 ..\obj\syscalls.o
 .text._fstat   0x00000000       0x1c ..\obj\syscalls.o
 .text._isatty  0x00000000       0x14 ..\obj\syscalls.o
 .text._lseek   0x00000000       0x18 ..\obj\syscalls.o
 .text._read    0x00000000       0x18 ..\obj\syscalls.o
 .text._write   0x00000000       0x18 ..\obj\syscalls.o
 .text.abort    0x00000000        0x8 ..\obj\syscalls.o
 .debug_info    0x00000000      0x443 ..\obj\syscalls.o
 .debug_abbrev  0x00000000       0xe4 ..\obj\syscalls.o
 .debug_loc     0x00000000      0x1ec ..\obj\syscalls.o
 .debug_aranges
                0x00000000       0x60 ..\obj\syscalls.o
 .debug_ranges  0x00000000       0x50 ..\obj\syscalls.o
 .debug_line    0x00000000      0x19d ..\obj\syscalls.o
 .debug_str     0x00000000      0x292 ..\obj\syscalls.o
 .comment       0x00000000       0x71 ..\obj\syscalls.o
 .ARM.attributes
                0x00000000       0x31 ..\obj\syscalls.o
 .debug_frame   0x00000000      0x12c ..\obj\syscalls.o
 .text          0x00000000        0x0 ..\obj\startup_lpc11xx.o
 .data          0x00000000        0x0 ..\obj\startup_lpc11xx.o
 .bss           0x00000000        0x0 ..\obj\startup_lpc11xx.o
 .text          0x00000000        0x0 ..\obj\lcd.o
 .data          0x00000000        0x0 ..\obj\lcd.o
 .bss           0x00000000        0x0 ..\obj\lcd.o
 .text.lcd_clr_line
                0x00000000       0x88 ..\obj\lcd.o
 .text.lcd_string_position
                0x00000000       0x70 ..\obj\lcd.o
 .text.lcd_gotoxy
                0x00000000       0x4c ..\obj\lcd.o
 .text.lcdwritestring
                0x00000000       0x28 ..\obj\lcd.o
 .text          0x00000000        0x0 ..\obj\Blink.o
 .data          0x00000000        0x0 ..\obj\Blink.o
 .bss           0x00000000        0x0 ..\obj\Blink.o
 .text.BlinkExp
                0x00000000       0x88 ..\obj\Blink.o
 .debug_info    0x00000000       0xc8 ..\obj\Blink.o
 .debug_abbrev  0x00000000       0x72 ..\obj\Blink.o
 .debug_loc     0x00000000       0x38 ..\obj\Blink.o
 .debug_aranges
                0x00000000       0x20 ..\obj\Blink.o
 .debug_ranges  0x00000000       0x10 ..\obj\Blink.o
 .debug_line    0x00000000      0x161 ..\obj\Blink.o
 .debug_str     0x00000000      0x12f ..\obj\Blink.o
 .comment       0x00000000       0x71 ..\obj\Blink.o
 .ARM.attributes
                0x00000000       0x31 ..\obj\Blink.o
 .debug_frame   0x00000000       0x30 ..\obj\Blink.o
 .data          0x00000000        0x0 c:/program files (x86)/gnu tools arm embedded/4.7 2012q4/bin/../lib/gcc/arm-none-eabi/4.7.3/armv6-m\libgcc.a(_udivsi3.o)
 .bss           0x00000000        0x0 c:/program files (x86)/gnu tools arm embedded/4.7 2012q4/bin/../lib/gcc/arm-none-eabi/4.7.3/armv6-m\libgcc.a(_udivsi3.o)
 .data          0x00000000        0x0 c:/program files (x86)/gnu tools arm embedded/4.7 2012q4/bin/../lib/gcc/arm-none-eabi/4.7.3/armv6-m\libgcc.a(_divsi3.o)
 .bss           0x00000000        0x0 c:/program files (x86)/gnu tools arm embedded/4.7 2012q4/bin/../lib/gcc/arm-none-eabi/4.7.3/armv6-m\libgcc.a(_divsi3.o)
 .data          0x00000000        0x0 c:/program files (x86)/gnu tools arm embedded/4.7 2012q4/bin/../lib/gcc/arm-none-eabi/4.7.3/armv6-m\libgcc.a(_dvmd_tls.o)
 .bss           0x00000000        0x0 c:/program files (x86)/gnu tools arm embedded/4.7 2012q4/bin/../lib/gcc/arm-none-eabi/4.7.3/armv6-m\libgcc.a(_dvmd_tls.o)
 .data          0x00000000        0x0 c:/program files (x86)/gnu tools arm embedded/4.7 2012q4/bin/../lib/gcc/arm-none-eabi/4.7.3/armv6-m\libgcc.a(_arm_cmpdf2.o)
 .bss           0x00000000        0x0 c:/program files (x86)/gnu tools arm embedded/4.7 2012q4/bin/../lib/gcc/arm-none-eabi/4.7.3/armv6-m\libgcc.a(_arm_cmpdf2.o)
 .data          0x00000000        0x0 c:/program files (x86)/gnu tools arm embedded/4.7 2012q4/bin/../lib/gcc/arm-none-eabi/4.7.3/armv6-m\libgcc.a(_aeabi_uldivmod.o)
 .bss           0x00000000        0x0 c:/program files (x86)/gnu tools arm embedded/4.7 2012q4/bin/../lib/gcc/arm-none-eabi/4.7.3/armv6-m\libgcc.a(_aeabi_uldivmod.o)
 .data          0x00000000        0x0 c:/program files (x86)/gnu tools arm embedded/4.7 2012q4/bin/../lib/gcc/arm-none-eabi/4.7.3/armv6-m\libgcc.a(_muldi3.o)
 .bss           0x00000000        0x0 c:/program files (x86)/gnu tools arm embedded/4.7 2012q4/bin/../lib/gcc/arm-none-eabi/4.7.3/armv6-m\libgcc.a(_muldi3.o)
 .data          0x00000000        0x0 c:/program files (x86)/gnu tools arm embedded/4.7 2012q4/bin/../lib/gcc/arm-none-eabi/4.7.3/armv6-m\libgcc.a(bpabi.o)
 .bss           0x00000000        0x0 c:/program files (x86)/gnu tools arm embedded/4.7 2012q4/bin/../lib/gcc/arm-none-eabi/4.7.3/armv6-m\libgcc.a(bpabi.o)
 .data          0x00000000        0x0 c:/program files (x86)/gnu tools arm embedded/4.7 2012q4/bin/../lib/gcc/arm-none-eabi/4.7.3/armv6-m\libgcc.a(adddf3.o)
 .bss           0x00000000        0x0 c:/program files (x86)/gnu tools arm embedded/4.7 2012q4/bin/../lib/gcc/arm-none-eabi/4.7.3/armv6-m\libgcc.a(adddf3.o)
 .data          0x00000000        0x0 c:/program files (x86)/gnu tools arm embedded/4.7 2012q4/bin/../lib/gcc/arm-none-eabi/4.7.3/armv6-m\libgcc.a(eqdf2.o)
 .bss           0x00000000        0x0 c:/program files (x86)/gnu tools arm embedded/4.7 2012q4/bin/../lib/gcc/arm-none-eabi/4.7.3/armv6-m\libgcc.a(eqdf2.o)
 .data          0x00000000        0x0 c:/program files (x86)/gnu tools arm embedded/4.7 2012q4/bin/../lib/gcc/arm-none-eabi/4.7.3/armv6-m\libgcc.a(gedf2.o)
 .bss           0x00000000        0x0 c:/program files (x86)/gnu tools arm embedded/4.7 2012q4/bin/../lib/gcc/arm-none-eabi/4.7.3/armv6-m\libgcc.a(gedf2.o)
 .data          0x00000000        0x0 c:/program files (x86)/gnu tools arm embedded/4.7 2012q4/bin/../lib/gcc/arm-none-eabi/4.7.3/armv6-m\libgcc.a(ledf2.o)
 .bss           0x00000000        0x0 c:/program files (x86)/gnu tools arm embedded/4.7 2012q4/bin/../lib/gcc/arm-none-eabi/4.7.3/armv6-m\libgcc.a(ledf2.o)
 .data          0x00000000        0x0 c:/program files (x86)/gnu tools arm embedded/4.7 2012q4/bin/../lib/gcc/arm-none-eabi/4.7.3/armv6-m\libgcc.a(_clzsi2.o)
 .bss           0x00000000        0x0 c:/program files (x86)/gnu tools arm embedded/4.7 2012q4/bin/../lib/gcc/arm-none-eabi/4.7.3/armv6-m\libgcc.a(_clzsi2.o)
 .data          0x00000000        0x0 c:/program files (x86)/gnu tools arm embedded/4.7 2012q4/bin/../lib/gcc/arm-none-eabi/4.7.3/armv6-m\libgcc.a(_divdi3.o)
 .bss           0x00000000        0x0 c:/program files (x86)/gnu tools arm embedded/4.7 2012q4/bin/../lib/gcc/arm-none-eabi/4.7.3/armv6-m\libgcc.a(_divdi3.o)
 .ARM.extab     0x00000000        0x0 c:/program files (x86)/gnu tools arm embedded/4.7 2012q4/bin/../lib/gcc/arm-none-eabi/4.7.3/armv6-m\libgcc.a(_divdi3.o)
 .data          0x00000000        0x0 c:/program files (x86)/gnu tools arm embedded/4.7 2012q4/bin/../lib/gcc/arm-none-eabi/4.7.3/armv6-m\libgcc.a(_udivdi3.o)
 .bss           0x00000000        0x0 c:/program files (x86)/gnu tools arm embedded/4.7 2012q4/bin/../lib/gcc/arm-none-eabi/4.7.3/armv6-m\libgcc.a(_udivdi3.o)
 .ARM.extab     0x00000000        0x0 c:/program files (x86)/gnu tools arm embedded/4.7 2012q4/bin/../lib/gcc/arm-none-eabi/4.7.3/armv6-m\libgcc.a(_udivdi3.o)

Memory Configuration

Name             Origin             Length             Attributes
rom              0x00000000         0x00008000         xr
ram              0x10000000         0x00002000         xrw
*default*        0x00000000         0xffffffff

Linker script and memory map

                0x10002000                _eram = 0x10002000

.text           0x00000000     0x2ce0
 *(.isr_vector .isr_vector.*)
 .isr_vector    0x00000000       0xc0 ..\obj\startup_lpc11xx.o
                0x00000000                g_pfnVectors
 *(.text .text.* .gnu.linkonce.t.*)
 .text.SSP_SSP1PinsInit
                0x000000c0       0x3c ..\obj\lpc11xx_ssp.o
                0x000000c0                SSP_SSP1PinsInit
 .text.uart_set_divisors
                0x000000fc      0x17c ..\obj\lpc11xx_uart.o
                0x000000fc                uart_set_divisors
 .text.UART_PinsInit
                0x00000278       0x18 ..\obj\lpc11xx_uart.o
                0x00000278                UART_PinsInit
 .text.UART_Init
                0x00000290      0x154 ..\obj\lpc11xx_uart.o
                0x00000290                UART_Init
 .text.UART_SendData
                0x000003e4       0x1c ..\obj\lpc11xx_uart.o
                0x000003e4                UART_SendData
 .text.UART_FIFOConfig
                0x00000400       0xc0 ..\obj\lpc11xx_uart.o
                0x00000400                UART_FIFOConfig
 .text.UART_FIFOConfigStructInit
                0x000004c0       0x20 ..\obj\lpc11xx_uart.o
                0x000004c0                UART_FIFOConfigStructInit
 .text.UART_TxCmd
                0x000004e0       0x34 ..\obj\lpc11xx_uart.o
                0x000004e0                UART_TxCmd
 .text.UART_Send
                0x00000514       0xf0 ..\obj\lpc11xx_uart.o
                0x00000514                UART_Send
 .text.DAC_SPI1_Config
                0x00000604       0x5c ..\obj\DAC.o
                0x00000604                DAC_SPI1_Config
 .text.Main_PLL_Setup
                0x00000660       0xc4 ..\obj\system_LPC11xx.o
                0x00000660                Main_PLL_Setup
 .text.SystemInit
                0x00000724       0x70 ..\obj\system_LPC11xx.o
                0x00000724                SystemInit
 *fill*         0x00000794        0x4 00
 .text.TIM_ConverUSecToVal
                0x00000798       0x58 ..\obj\lpc11xx_tmr.o
                0x00000798                TIM_ConverUSecToVal
 .text.TIM_ClearIntPending
                0x000007f0       0x28 ..\obj\lpc11xx_tmr.o
                0x000007f0                TIM_ClearIntPending
 .text.TIM_Cmd  0x00000818       0x3c ..\obj\lpc11xx_tmr.o
                0x00000818                TIM_Cmd
 .text.TIM_Init
                0x00000854      0x12c ..\obj\lpc11xx_tmr.o
                0x00000854                TIM_Init
 .text.TIM_ConfigMatch
                0x00000980      0x12c ..\obj\lpc11xx_tmr.o
                0x00000980                TIM_ConfigMatch
 .text.NVIC_EnableIRQ
                0x00000aac       0x2c ..\obj\main.o
 .text.main     0x00000ad8      0x1b8 ..\obj\main.o
                0x00000ad8                main
 .text.gpio_init_config
                0x00000c90       0x24 ..\obj\main.o
                0x00000c90                gpio_init_config
 .text.PIOINT3_IRQHandler
                0x00000cb4       0x40 ..\obj\main.o
                0x00000cb4                PIOINT3_IRQHandler
 .text.TIMER32_1_IRQHandler
                0x00000cf4       0x90 ..\obj\main.o
                0x00000cf4                TIMER32_1_IRQHandler
 *fill*         0x00000d84        0x4 00
 .text.Flow_Uart_Send
                0x00000d88      0x128 ..\obj\main.o
                0x00000d88                Flow_Uart_Send
 .text.NVIC_EnableIRQ
                0x00000eb0       0x2c ..\obj\lpc11xx_gpio.o
 .text.NVIC_DisableIRQ
                0x00000edc       0x30 ..\obj\lpc11xx_gpio.o
 .text.GPIO_GetPointer
                0x00000f0c       0x5c ..\obj\lpc11xx_gpio.o
 .text.GPIO_SetDir
                0x00000f68       0x64 ..\obj\lpc11xx_gpio.o
                0x00000f68                GPIO_SetDir
 .text.GPIO_SetBits
                0x00000fcc       0x34 ..\obj\lpc11xx_gpio.o
                0x00000fcc                GPIO_SetBits
 .text.GPIO_ResetBits
                0x00001000       0x30 ..\obj\lpc11xx_gpio.o
                0x00001000                GPIO_ResetBits
 .text.GPIO_EventInit
                0x00001030      0x140 ..\obj\lpc11xx_gpio.o
                0x00001030                GPIO_EventInit
 .text.GPIO_ClearInt
                0x00001170       0x34 ..\obj\lpc11xx_gpio.o
                0x00001170                GPIO_ClearInt
 .text.GPIO_PortIntCmd
                0x000011a4       0x84 ..\obj\lpc11xx_gpio.o
                0x000011a4                GPIO_PortIntCmd
 .text.SYSCON_AHBPeriphClockCmd
                0x00001228       0x58 ..\obj\lpc11xx_syscon.o
                0x00001228                SYSCON_AHBPeriphClockCmd
 .text.SYSCON_SetUARTClockDiv
                0x00001280       0x1c ..\obj\lpc11xx_syscon.o
                0x00001280                SYSCON_SetUARTClockDiv
 .text.SYSCON_GetUARTClock
                0x0000129c       0x40 ..\obj\lpc11xx_syscon.o
                0x0000129c                SYSCON_GetUARTClock
 .text.IOCON_SetPinFunc
                0x000012dc       0x44 ..\obj\lpc11xx_iocon.o
                0x000012dc                IOCON_SetPinFunc
 .text.IOCON_SetPinMode
                0x00001320       0x34 ..\obj\lpc11xx_iocon.o
                0x00001320                IOCON_SetPinMode
 .text.Default_Reset_Handler
                0x00001354       0x68 ..\obj\startup_lpc11xx.o
                0x00001354                Default_Reset_Handler
                0x00001354                Reset_Handler
 .text.Default_Handler
                0x000013bc        0x8 ..\obj\startup_lpc11xx.o
                0x000013bc                TIMER16_0_IRQHandler
                0x000013bc                DebugMon_Handler
                0x000013bc                HardFault_Handler
                0x000013bc                SysTick_Handler
                0x000013bc                PendSV_Handler
                0x000013bc                NMI_Handler
                0x000013bc                UART_IRQHandler
                0x000013bc                TIMER32_0_IRQHandler
                0x000013bc                UsageFault_Handler
                0x000013bc                PIOINT1_IRQHandler
                0x000013bc                CAN_IRQHandler
                0x000013bc                SSP0_IRQHandler
                0x000013bc                TIMER16_1_IRQHandler
                0x000013bc                USB_FIQHandler
                0x000013bc                ADC_IRQHandler
                0x000013bc                SSP1_IRQHandler
                0x000013bc                PIOINT2_IRQHandler
                0x000013bc                USB_IRQHandler
                0x000013bc                BOD_IRQHandler
                0x000013bc                WAKEUP_IRQHandler
                0x000013bc                PIOINT0_IRQHandler
                0x000013bc                I2C_IRQHandler
                0x000013bc                MemManage_Handler
                0x000013bc                WDT_IRQHandler
                0x000013bc                SVC_Handler
                0x000013bc                BusFault_Handler
                0x000013bc                FMC_IRQHandler
 .text.lcd_config
                0x000013c4       0x70 ..\obj\lcd.o
                0x000013c4                lcd_config
 *fill*         0x00001434        0x4 00
 .text.lcd_init
                0x00001438       0xd8 ..\obj\lcd.o
                0x00001438                lcd_init
 .text.lcd_en_tgl
                0x00001510       0x30 ..\obj\lcd.o
                0x00001510                lcd_en_tgl
 .text.lcd_cmd  0x00001540       0x78 ..\obj\lcd.o
                0x00001540                lcd_cmd
 .text.lcd_char
                0x000015b8       0x78 ..\obj\lcd.o
                0x000015b8                lcd_char
 .text.lcd_nibble
                0x00001630       0x60 ..\obj\lcd.o
                0x00001630                lcd_nibble
 .text.lcd_string
                0x00001690       0x50 ..\obj\lcd.o
                0x00001690                lcd_string
 .text.lcdwriteint
                0x000016e0       0xcc ..\obj\lcd.o
                0x000016e0                lcdwriteint
 .text.lcd_data
                0x000017ac       0x2c ..\obj\lcd.o
                0x000017ac                lcd_data
 .text._delay_ms
                0x000017d8       0x70 ..\obj\lcd.o
                0x000017d8                _delay_ms
 .text._delay_us
                0x00001848       0x78 ..\obj\lcd.o
                0x00001848                _delay_us
 .text          0x000018c0       0x9c c:/program files (x86)/gnu tools arm embedded/4.7 2012q4/bin/../lib/gcc/arm-none-eabi/4.7.3/armv6-m\libgcc.a(_udivsi3.o)
                0x000018c0                __aeabi_uidiv
                0x000018c0                __udivsi3
                0x00001948                __aeabi_uidivmod
 .text          0x0000195c       0xc0 c:/program files (x86)/gnu tools arm embedded/4.7 2012q4/bin/../lib/gcc/arm-none-eabi/4.7.3/armv6-m\libgcc.a(_divsi3.o)
                0x0000195c                __divsi3
                0x0000195c                __aeabi_idiv
                0x00001a08                __aeabi_idivmod
 .text          0x00001a1c        0x4 c:/program files (x86)/gnu tools arm embedded/4.7 2012q4/bin/../lib/gcc/arm-none-eabi/4.7.3/armv6-m\libgcc.a(_dvmd_tls.o)
                0x00001a1c                __aeabi_idiv0
                0x00001a1c                __aeabi_ldiv0
 .text          0x00001a20       0x7c c:/program files (x86)/gnu tools arm embedded/4.7 2012q4/bin/../lib/gcc/arm-none-eabi/4.7.3/armv6-m\libgcc.a(_arm_cmpdf2.o)
                0x00001a20                __aeabi_cdrcmple
                0x00001a30                __aeabi_cdcmple
                0x00001a30                __aeabi_cdcmpeq
                0x00001a40                __aeabi_dcmpeq
                0x00001a4c                __aeabi_dcmplt
                0x00001a60                __aeabi_dcmple
                0x00001a74                __aeabi_dcmpgt
                0x00001a88                __aeabi_dcmpge
 .text          0x00001a9c       0x40 c:/program files (x86)/gnu tools arm embedded/4.7 2012q4/bin/../lib/gcc/arm-none-eabi/4.7.3/armv6-m\libgcc.a(_aeabi_uldivmod.o)
                0x00001a9c                __aeabi_uldivmod
 .text          0x00001adc       0x44 c:/program files (x86)/gnu tools arm embedded/4.7 2012q4/bin/../lib/gcc/arm-none-eabi/4.7.3/armv6-m\libgcc.a(_muldi3.o)
                0x00001adc                __muldi3
                0x00001adc                __aeabi_lmul
 .text          0x00001b20       0x74 c:/program files (x86)/gnu tools arm embedded/4.7 2012q4/bin/../lib/gcc/arm-none-eabi/4.7.3/armv6-m\libgcc.a(bpabi.o)
                0x00001b20                __gnu_ldivmod_helper
                0x00001b5c                __gnu_uldivmod_helper
 .text          0x00001b94      0x758 c:/program files (x86)/gnu tools arm embedded/4.7 2012q4/bin/../lib/gcc/arm-none-eabi/4.7.3/armv6-m\libgcc.a(adddf3.o)
                0x00001b94                __aeabi_dadd
 .text          0x000022ec       0x7c c:/program files (x86)/gnu tools arm embedded/4.7 2012q4/bin/../lib/gcc/arm-none-eabi/4.7.3/armv6-m\libgcc.a(eqdf2.o)
                0x000022ec                __nedf2
                0x000022ec                __eqdf2
 .text          0x00002368       0xe8 c:/program files (x86)/gnu tools arm embedded/4.7 2012q4/bin/../lib/gcc/arm-none-eabi/4.7.3/armv6-m\libgcc.a(gedf2.o)
                0x00002368                __gedf2
                0x00002368                __gtdf2
 .text          0x00002450       0xd8 c:/program files (x86)/gnu tools arm embedded/4.7 2012q4/bin/../lib/gcc/arm-none-eabi/4.7.3/armv6-m\libgcc.a(ledf2.o)
                0x00002450                __ledf2
                0x00002450                __ltdf2
 .text          0x00002528       0x3c c:/program files (x86)/gnu tools arm embedded/4.7 2012q4/bin/../lib/gcc/arm-none-eabi/4.7.3/armv6-m\libgcc.a(_clzsi2.o)
                0x00002528                __clzsi2
 .text          0x00002564      0x3d0 c:/program files (x86)/gnu tools arm embedded/4.7 2012q4/bin/../lib/gcc/arm-none-eabi/4.7.3/armv6-m\libgcc.a(_divdi3.o)
                0x00002564                __divdi3
 .text          0x00002934      0x38c c:/program files (x86)/gnu tools arm embedded/4.7 2012q4/bin/../lib/gcc/arm-none-eabi/4.7.3/armv6-m\libgcc.a(_udivdi3.o)
                0x00002934                __udivdi3
 *(.glue_7t)
 .glue_7t       0x00000000        0x0 linker stubs
 *(.glue_7)
 .glue_7        0x00000000        0x0 linker stubs
 *(.rodata .rodata* .gnu.linkonce.r.*)
 .rodata        0x00002cc0       0x20 ..\obj\main.o

.vfp11_veneer   0x00002ce0        0x0
 .vfp11_veneer  0x00000000        0x0 linker stubs

.v4_bx          0x00002ce0        0x0
 .v4_bx         0x00000000        0x0 linker stubs

.iplt           0x00002ce0        0x0
 .iplt          0x00000000        0x0 ..\obj\lpc11xx_ssp.o

.ARM.extab
 *(.ARM.extab* .gnu.linkonce.armextab.*)
                0x00002ce0                __exidx_start = .

.ARM.exidx      0x00002ce0        0x8
 *(.ARM.exidx* .gnu.linkonce.armexidx.*)
 .ARM.exidx     0x00002ce0        0x8 c:/program files (x86)/gnu tools arm embedded/4.7 2012q4/bin/../lib/gcc/arm-none-eabi/4.7.3/armv6-m\libgcc.a(_divdi3.o)
 .ARM.exidx     0x00002ce8        0x0 c:/program files (x86)/gnu tools arm embedded/4.7 2012q4/bin/../lib/gcc/arm-none-eabi/4.7.3/armv6-m\libgcc.a(_udivdi3.o)
                                  0x8 (size before relaxing)
                0x00002ce8                __exidx_end = .

.rel.dyn        0x00002ce8        0x0
 .rel.iplt      0x00000000        0x0 ..\obj\lpc11xx_ssp.o
                0x00002ce8                . = ALIGN (0x4)
                0x00002ce8                _etext = .
                0x00002ce8                _sidata = .

.data           0x10000000        0xc load address 0x00002ce8
                0x10000000                _sdata = .
 *(.data .data.*)
 .data          0x10000000        0xc ..\obj\system_LPC11xx.o
                0x10000000                ClockSource
                0x10000004                SystemFrequency
                0x10000008                SystemAHBFrequency
                0x1000000c                . = ALIGN (0x4)
                0x1000000c                _edata = .

.igot.plt       0x1000000c        0x0 load address 0x00002cf4
 .igot.plt      0x00000000        0x0 ..\obj\lpc11xx_ssp.o

.bss            0x1000000c       0x28 load address 0x00002cf4
                0x1000000c                _sbss = .
 *(.bss .bss.*)
 .bss           0x1000000c        0x1 ..\obj\main.o
 *(COMMON)
 *fill*         0x1000000d        0x3 00
 COMMON         0x10000010       0x24 ..\obj\main.o
                0x10000010                frequency
                0x10000014                gpio_int_struct
                0x10000020                timer_config
                0x10000028                match_config
                0x10000034                . = ALIGN (0x4)
                0x10000034                _ebss = .

.co_stack       0x10000034      0x404 load address 0x00002d1c
                0x10000038                . = ALIGN (0x8)
 *fill*         0x10000034        0x4 00
 *(.co_stack .co_stack.*)
 .co_stack      0x10000038      0x400 ..\obj\startup_lpc11xx.o
                0x10000038                pulStack
                0x10000438                . = ALIGN (0x4)
                0x10000438                _end = .
LOAD ..\obj\lpc11xx_ssp.o
LOAD ..\obj\lpc11xx_uart.o
LOAD ..\obj\DAC.o
LOAD ..\obj\system_LPC11xx.o
LOAD ..\obj\lpc11xx_tmr.o
LOAD ..\obj\main.o
LOAD ..\obj\lpc11xx_gpio.o
LOAD ..\obj\lpc11xx_syscon.o
LOAD ..\obj\lpc11xx_iocon.o
LOAD ..\obj\syscalls.o
LOAD ..\obj\startup_lpc11xx.o
LOAD ..\obj\lcd.o
LOAD ..\obj\Blink.o
START GROUP
LOAD c:/program files (x86)/gnu tools arm embedded/4.7 2012q4/bin/../lib/gcc/arm-none-eabi/4.7.3/armv6-m\libgcc.a
LOAD c:/program files (x86)/gnu tools arm embedded/4.7 2012q4/bin/../lib/gcc/arm-none-eabi/4.7.3/../../../../arm-none-eabi/lib/armv6-m\libg.a
LOAD c:/program files (x86)/gnu tools arm embedded/4.7 2012q4/bin/../lib/gcc/arm-none-eabi/4.7.3/../../../../arm-none-eabi/lib/armv6-m\libc.a
END GROUP
OUTPUT(flow.elf elf32-littlearm)

.debug_info     0x00000000     0x650a
 .debug_info    0x00000000      0xb60 ..\obj\lpc11xx_ssp.o
 .debug_info    0x00000b60     0x16e1 ..\obj\lpc11xx_uart.o
 .debug_info    0x00002241      0x5f2 ..\obj\DAC.o
 .debug_info    0x00002833      0x5a4 ..\obj\system_LPC11xx.o
 .debug_info    0x00002dd7      0xa02 ..\obj\lpc11xx_tmr.o
 .debug_info    0x000037d9      0xce3 ..\obj\main.o
 .debug_info    0x000044bc      0x7d1 ..\obj\lpc11xx_gpio.o
 .debug_info    0x00004c8d      0xc45 ..\obj\lpc11xx_syscon.o
 .debug_info    0x000058d2      0x614 ..\obj\lpc11xx_iocon.o
 .debug_info    0x00005ee6      0x118 ..\obj\startup_lpc11xx.o
 .debug_info    0x00005ffe      0x50c ..\obj\lcd.o

.debug_abbrev   0x00000000     0x114f
 .debug_abbrev  0x00000000      0x203 ..\obj\lpc11xx_ssp.o
 .debug_abbrev  0x00000203      0x27e ..\obj\lpc11xx_uart.o
 .debug_abbrev  0x00000481      0x100 ..\obj\DAC.o
 .debug_abbrev  0x00000581       0xd6 ..\obj\system_LPC11xx.o
 .debug_abbrev  0x00000657      0x206 ..\obj\lpc11xx_tmr.o
 .debug_abbrev  0x0000085d      0x1c9 ..\obj\main.o
 .debug_abbrev  0x00000a26      0x21e ..\obj\lpc11xx_gpio.o
 .debug_abbrev  0x00000c44      0x1de ..\obj\lpc11xx_syscon.o
 .debug_abbrev  0x00000e22       0xe1 ..\obj\lpc11xx_iocon.o
 .debug_abbrev  0x00000f03       0xa9 ..\obj\startup_lpc11xx.o
 .debug_abbrev  0x00000fac      0x1a3 ..\obj\lcd.o

.debug_loc      0x00000000     0x1f8a
 .debug_loc     0x00000000      0x480 ..\obj\lpc11xx_ssp.o
 .debug_loc     0x00000480      0x66e ..\obj\lpc11xx_uart.o
 .debug_loc     0x00000aee       0x64 ..\obj\DAC.o
 .debug_loc     0x00000b52       0xa8 ..\obj\system_LPC11xx.o
 .debug_loc     0x00000bfa      0x2d8 ..\obj\lpc11xx_tmr.o
 .debug_loc     0x00000ed2      0x12c ..\obj\main.o
 .debug_loc     0x00000ffe      0x2d8 ..\obj\lpc11xx_gpio.o
 .debug_loc     0x000012d6      0x76c ..\obj\lpc11xx_syscon.o
 .debug_loc     0x00001a42      0x1c0 ..\obj\lpc11xx_iocon.o
 .debug_loc     0x00001c02       0x64 ..\obj\startup_lpc11xx.o
 .debug_loc     0x00001c66      0x324 ..\obj\lcd.o

.debug_aranges  0x00000000      0x5a8
 .debug_aranges
                0x00000000       0xc0 ..\obj\lpc11xx_ssp.o
 .debug_aranges
                0x000000c0      0x108 ..\obj\lpc11xx_uart.o
 .debug_aranges
                0x000001c8       0x28 ..\obj\DAC.o
 .debug_aranges
                0x000001f0       0x30 ..\obj\system_LPC11xx.o
 .debug_aranges
                0x00000220       0x80 ..\obj\lpc11xx_tmr.o
 .debug_aranges
                0x000002a0       0x48 ..\obj\main.o
 .debug_aranges
                0x000002e8       0x80 ..\obj\lpc11xx_gpio.o
 .debug_aranges
                0x00000368      0x130 ..\obj\lpc11xx_syscon.o
 .debug_aranges
                0x00000498       0x58 ..\obj\lpc11xx_iocon.o
 .debug_aranges
                0x000004f0       0x28 ..\obj\startup_lpc11xx.o
 .debug_aranges
                0x00000518       0x90 ..\obj\lcd.o

.debug_ranges   0x00000000      0x4f8
 .debug_ranges  0x00000000       0xb0 ..\obj\lpc11xx_ssp.o
 .debug_ranges  0x000000b0       0xf8 ..\obj\lpc11xx_uart.o
 .debug_ranges  0x000001a8       0x18 ..\obj\DAC.o
 .debug_ranges  0x000001c0       0x20 ..\obj\system_LPC11xx.o
 .debug_ranges  0x000001e0       0x70 ..\obj\lpc11xx_tmr.o
 .debug_ranges  0x00000250       0x38 ..\obj\main.o
 .debug_ranges  0x00000288       0x70 ..\obj\lpc11xx_gpio.o
 .debug_ranges  0x000002f8      0x120 ..\obj\lpc11xx_syscon.o
 .debug_ranges  0x00000418       0x48 ..\obj\lpc11xx_iocon.o
 .debug_ranges  0x00000460       0x18 ..\obj\startup_lpc11xx.o
 .debug_ranges  0x00000478       0x80 ..\obj\lcd.o

.debug_line     0x00000000     0x20ac
 .debug_line    0x00000000      0x481 ..\obj\lpc11xx_ssp.o
 .debug_line    0x00000481      0x575 ..\obj\lpc11xx_uart.o
 .debug_line    0x000009f6      0x181 ..\obj\DAC.o
 .debug_line    0x00000b77      0x191 ..\obj\system_LPC11xx.o
 .debug_line    0x00000d08      0x2fa ..\obj\lpc11xx_tmr.o
 .debug_line    0x00001002      0x2db ..\obj\main.o
 .debug_line    0x000012dd      0x2f4 ..\obj\lpc11xx_gpio.o
 .debug_line    0x000015d1      0x4c9 ..\obj\lpc11xx_syscon.o
 .debug_line    0x00001a9a      0x221 ..\obj\lpc11xx_iocon.o
 .debug_line    0x00001cbb       0xa2 ..\obj\startup_lpc11xx.o
 .debug_line    0x00001d5d      0x34f ..\obj\lcd.o

.debug_str      0x00000000     0x22ca
 .debug_str     0x00000000      0x5d1 ..\obj\lpc11xx_ssp.o
                                0x675 (size before relaxing)
 .debug_str     0x000005d1      0xc0a ..\obj\lpc11xx_uart.o
                                0xf00 (size before relaxing)
 .debug_str     0x000011db       0x48 ..\obj\DAC.o
                                0x443 (size before relaxing)
 .debug_str     0x00001223       0xa0 ..\obj\system_LPC11xx.o
                                0x463 (size before relaxing)
 .debug_str     0x000012c3      0x39a ..\obj\lpc11xx_tmr.o
                                0x684 (size before relaxing)
 .debug_str     0x0000165d      0x41c ..\obj\main.o
                                0xa2a (size before relaxing)
 .debug_str     0x00001a79      0x13f ..\obj\lpc11xx_gpio.o
                                0x566 (size before relaxing)
 .debug_str     0x00001bb8      0x3ff ..\obj\lpc11xx_syscon.o
                                0x824 (size before relaxing)
 .debug_str     0x00001fb7      0x14f ..\obj\lpc11xx_iocon.o
                                0x4c4 (size before relaxing)
 .debug_str     0x00002106       0xb8 ..\obj\startup_lpc11xx.o
                                0x11c (size before relaxing)
 .debug_str     0x000021be      0x10c ..\obj\lcd.o
                                0x24c (size before relaxing)

.comment        0x00000000       0x70
 .comment       0x00000000       0x70 ..\obj\lpc11xx_ssp.o
                                 0x71 (size before relaxing)
 .comment       0x00000000       0x71 ..\obj\lpc11xx_uart.o
 .comment       0x00000000       0x71 ..\obj\DAC.o
 .comment       0x00000000       0x71 ..\obj\system_LPC11xx.o
 .comment       0x00000000       0x71 ..\obj\lpc11xx_tmr.o
 .comment       0x00000000       0x71 ..\obj\main.o
 .comment       0x00000000       0x71 ..\obj\lpc11xx_gpio.o
 .comment       0x00000000       0x71 ..\obj\lpc11xx_syscon.o
 .comment       0x00000000       0x71 ..\obj\lpc11xx_iocon.o
 .comment       0x00000000       0x71 ..\obj\startup_lpc11xx.o
 .comment       0x00000000       0x71 ..\obj\lcd.o

.ARM.attributes
                0x00000000       0x31
 .ARM.attributes
                0x00000000       0x31 ..\obj\lpc11xx_ssp.o
 .ARM.attributes
                0x00000031       0x31 ..\obj\lpc11xx_uart.o
 .ARM.attributes
                0x00000062       0x31 ..\obj\DAC.o
 .ARM.attributes
                0x00000093       0x31 ..\obj\system_LPC11xx.o
 .ARM.attributes
                0x000000c4       0x31 ..\obj\lpc11xx_tmr.o
 .ARM.attributes
                0x000000f5       0x31 ..\obj\main.o
 .ARM.attributes
                0x00000126       0x31 ..\obj\lpc11xx_gpio.o
 .ARM.attributes
                0x00000157       0x31 ..\obj\lpc11xx_syscon.o
 .ARM.attributes
                0x00000188       0x31 ..\obj\lpc11xx_iocon.o
 .ARM.attributes
                0x000001b9       0x31 ..\obj\startup_lpc11xx.o
 .ARM.attributes
                0x000001ea       0x31 ..\obj\lcd.o
 .ARM.attributes
                0x0000021b       0x1e c:/program files (x86)/gnu tools arm embedded/4.7 2012q4/bin/../lib/gcc/arm-none-eabi/4.7.3/armv6-m\libgcc.a(_udivsi3.o)
 .ARM.attributes
                0x00000239       0x1e c:/program files (x86)/gnu tools arm embedded/4.7 2012q4/bin/../lib/gcc/arm-none-eabi/4.7.3/armv6-m\libgcc.a(_divsi3.o)
 .ARM.attributes
                0x00000257       0x1e c:/program files (x86)/gnu tools arm embedded/4.7 2012q4/bin/../lib/gcc/arm-none-eabi/4.7.3/armv6-m\libgcc.a(_dvmd_tls.o)
 .ARM.attributes
                0x00000275       0x1e c:/program files (x86)/gnu tools arm embedded/4.7 2012q4/bin/../lib/gcc/arm-none-eabi/4.7.3/armv6-m\libgcc.a(_arm_cmpdf2.o)
 .ARM.attributes
                0x00000293       0x1e c:/program files (x86)/gnu tools arm embedded/4.7 2012q4/bin/../lib/gcc/arm-none-eabi/4.7.3/armv6-m\libgcc.a(_aeabi_uldivmod.o)
 .ARM.attributes
                0x000002b1       0x2c c:/program files (x86)/gnu tools arm embedded/4.7 2012q4/bin/../lib/gcc/arm-none-eabi/4.7.3/armv6-m\libgcc.a(_muldi3.o)
 .ARM.attributes
                0x000002dd       0x2c c:/program files (x86)/gnu tools arm embedded/4.7 2012q4/bin/../lib/gcc/arm-none-eabi/4.7.3/armv6-m\libgcc.a(bpabi.o)
 .ARM.attributes
                0x00000309       0x2c c:/program files (x86)/gnu tools arm embedded/4.7 2012q4/bin/../lib/gcc/arm-none-eabi/4.7.3/armv6-m\libgcc.a(adddf3.o)
 .ARM.attributes
                0x00000335       0x2c c:/program files (x86)/gnu tools arm embedded/4.7 2012q4/bin/../lib/gcc/arm-none-eabi/4.7.3/armv6-m\libgcc.a(eqdf2.o)
 .ARM.attributes
                0x00000361       0x2c c:/program files (x86)/gnu tools arm embedded/4.7 2012q4/bin/../lib/gcc/arm-none-eabi/4.7.3/armv6-m\libgcc.a(gedf2.o)
 .ARM.attributes
                0x0000038d       0x2c c:/program files (x86)/gnu tools arm embedded/4.7 2012q4/bin/../lib/gcc/arm-none-eabi/4.7.3/armv6-m\libgcc.a(ledf2.o)
 .ARM.attributes
                0x000003b9       0x1e c:/program files (x86)/gnu tools arm embedded/4.7 2012q4/bin/../lib/gcc/arm-none-eabi/4.7.3/armv6-m\libgcc.a(_clzsi2.o)
 .ARM.attributes
                0x000003d7       0x2c c:/program files (x86)/gnu tools arm embedded/4.7 2012q4/bin/../lib/gcc/arm-none-eabi/4.7.3/armv6-m\libgcc.a(_divdi3.o)
 .ARM.attributes
                0x00000403       0x2c c:/program files (x86)/gnu tools arm embedded/4.7 2012q4/bin/../lib/gcc/arm-none-eabi/4.7.3/armv6-m\libgcc.a(_udivdi3.o)

.debug_frame    0x00000000     0x1518
 .debug_frame   0x00000000      0x2a8 ..\obj\lpc11xx_ssp.o
 .debug_frame   0x000002a8      0x3c4 ..\obj\lpc11xx_uart.o
 .debug_frame   0x0000066c       0x4c ..\obj\DAC.o
 .debug_frame   0x000006b8       0x70 ..\obj\system_LPC11xx.o
 .debug_frame   0x00000728      0x1b0 ..\obj\lpc11xx_tmr.o
 .debug_frame   0x000008d8       0xc4 ..\obj\main.o
 .debug_frame   0x0000099c      0x1b0 ..\obj\lpc11xx_gpio.o
 .debug_frame   0x00000b4c      0x45c ..\obj\lpc11xx_syscon.o
 .debug_frame   0x00000fa8      0x110 ..\obj\lpc11xx_iocon.o
 .debug_frame   0x000010b8       0x4c ..\obj\startup_lpc11xx.o
 .debug_frame   0x00001104      0x1ec ..\obj\lcd.o
 .debug_frame   0x000012f0       0x20 c:/program files (x86)/gnu tools arm embedded/4.7 2012q4/bin/../lib/gcc/arm-none-eabi/4.7.3/armv6-m\libgcc.a(_udivsi3.o)
 .debug_frame   0x00001310       0x20 c:/program files (x86)/gnu tools arm embedded/4.7 2012q4/bin/../lib/gcc/arm-none-eabi/4.7.3/armv6-m\libgcc.a(_divsi3.o)
 .debug_frame   0x00001330       0x30 c:/program files (x86)/gnu tools arm embedded/4.7 2012q4/bin/../lib/gcc/arm-none-eabi/4.7.3/armv6-m\libgcc.a(_muldi3.o)
 .debug_frame   0x00001360       0x60 c:/program files (x86)/gnu tools arm embedded/4.7 2012q4/bin/../lib/gcc/arm-none-eabi/4.7.3/armv6-m\libgcc.a(bpabi.o)
 .debug_frame   0x000013c0       0x3c c:/program files (x86)/gnu tools arm embedded/4.7 2012q4/bin/../lib/gcc/arm-none-eabi/4.7.3/armv6-m\libgcc.a(adddf3.o)
 .debug_frame   0x000013fc       0x34 c:/program files (x86)/gnu tools arm embedded/4.7 2012q4/bin/../lib/gcc/arm-none-eabi/4.7.3/armv6-m\libgcc.a(eqdf2.o)
 .debug_frame   0x00001430       0x38 c:/program files (x86)/gnu tools arm embedded/4.7 2012q4/bin/../lib/gcc/arm-none-eabi/4.7.3/armv6-m\libgcc.a(gedf2.o)
 .debug_frame   0x00001468       0x38 c:/program files (x86)/gnu tools arm embedded/4.7 2012q4/bin/../lib/gcc/arm-none-eabi/4.7.3/armv6-m\libgcc.a(ledf2.o)
 .debug_frame   0x000014a0       0x3c c:/program files (x86)/gnu tools arm embedded/4.7 2012q4/bin/../lib/gcc/arm-none-eabi/4.7.3/armv6-m\libgcc.a(_divdi3.o)
 .debug_frame   0x000014dc       0x3c c:/program files (x86)/gnu tools arm embedded/4.7 2012q4/bin/../lib/gcc/arm-none-eabi/4.7.3/armv6-m\libgcc.a(_udivdi3.o)
